============================================================
测试 AI 助手保存到单词本功能
============================================================

[步骤 1] 调用 AI 用法解析...
✅ AI 生成成功!
单词: awesome
剧名: Friends

生成内容长度: 1391 字符
内容预览:
**awesome** 是一个表达极度赞赏和兴奋的形容词，常出现在朋友间的日常对话中，用来表示某件事"太棒了"、"超赞的"。

## 场景用法分析

### 1. 意外惊喜中的兴奋表达
**场景描述：** 当朋友告诉你一个意外的好消息时
**英文例句：** "Ross, you got the job at the museum? That's awesome! I'm so happy for you!"
**中文翻译：** "Ross，你在博物馆得到工作了？太棒了！我真为你高兴！"
**用法解释：** 在表达强烈兴奋和祝贺时使用，体现了朋友间的真诚支持和分享快乐。

### 2. 对某人成就的赞美
**场景描述：** 看到室友完成了困难的任务或项目
**英文例句：** "Monica, you cleaned the entire apartment in one hour? That's awesome! You're like a cleaning machine!"
**中文翻译：** "Monica，你一小时内把整个公寓都打扫干净了？太厉害了！你就像个清洁机器！"
**用法...


[调试] 完整AI内容:
**awesome** 是一个表达极度赞赏和兴奋的形容词，常出现在朋友间的日常对话中，用来表示某件事"太棒了"、"超赞的"。

## 场景用法分析

### 1. 意外惊喜中的兴奋表达
**场景描述：** 当朋友告诉你一个意外的好消息时
**英文例句：** "Ross, you got the job at the museum? That's awesome! I'm so happy for you!"
**中文翻译：** "Ross，你在博物馆得到工作了？太棒了！我真为你高兴！"
**用法解释：** 在表达强烈兴奋和祝贺时使用，体现了朋友间的真诚支持和分享快乐。

### 2. 对某人成就的赞美
**场景描述：** 看到室友完成了困难的任务或项目
**英文例句：** "Monica, you cleaned the entire apartment in one hour? That's awesome! You're like a cleaning machine!"
**中文翻译：** "Monica，你一小时内把整个公寓都打扫干净了？太厉害了！你就像个清洁机器！"
**用法解释：** 用于赞美他人的能力或成就，带有夸张的语气，体现友情的温暖。

### 3. 表达对某个想法或计划的认可
**场景描述：** 朋友们讨论周末计划，有人提出了好主意
**英文例句：** "Hey guys, why don't we have a pizza party and watch all the Lord of the Rings movies? Awesome! Let's do it!"
**中文翻译：** "嘿，我们为什么不来个披萨派对，看所有指环王电影？太棒了！就这么定了！"
**用法解释：** 用作感叹词，表示对计划或想法的完全赞同和兴奋，语调通常上扬。

### 4. 幽默调侃中的反讽用法
**场景描述：** 当遇到尴尬或糟糕的情况时，用反讽的语气
**英文例句：** "Oh great, we're locked out and it's raining. This is just awesome, isn't it?"
**中文翻译：** "哦太好了，我们被锁在外面还下雨了。真是太好了，对吧？"
**用法解释：** 通过夸张的语气表示反讽，实际表达不满或无奈，是美式幽默的体现。

## 小结

**awesome** 在口语中使用频率极高，核心含义是"极好的、令人惊叹的"。主要特点包括：
- 语调通常充满热情和兴奋
- 多用于非正式场合和朋友间
- 既可以表示真诚的赞美，也可以用于反讽
- 注意避免在正式场合过度使用

**注意事项：** 虽然这个词非常流行，但在正式写作或严肃场合中要谨慎使用。同时要注意语调，避免在不合适的语境中显得过于随意。

## 延伸问题

1. 在《Friends》中，哪个角色最常使用"awesome"这个词？这个词的使用频率如何反映了90年代美国年轻人的语言习惯？

2. "awesome" 和 "amazing"、"incredible" 在用法上有什么细微差别？在什么情况下可以互换使用？

3. 随着时代发展，年轻一代是否还在广泛使用"awesome"？有没有更新潮的表达方式逐渐替代它？

============================================================
[步骤 2] 提取例句...
✅ 提取到 2 个例句:
  1. Ross, you got the job at the museum? That's awesome! I'm so happy for you!
  2. Ross，你在博物馆得到工作了？太棒了！我真为你高兴！

[步骤 3] 保存到单词本...
❌ 保存请求失败: 401

============================================================
测试完成
============================================================
